2026-01-14 14:32:37.274 11200-11200 View                    me.ikate.findmy                      I  setRequestedFrameRate frameRate=NaN, this=androidx.compose.ui.platform.AndroidComposeView{3f45eaa VFED..... ........ 0,0-1440,3120 aid=1073741824}, caller=android.view.ViewGroup.setRequestedFrameRate:9952 androidx.compose.ui.platform.Api35Impl.setRequestedFrameRate:3817 androidx.compose.ui.platform.AndroidComposeView.dispatchDraw:2113 android.view.View.draw:26345 android.view.View.updateDisplayListIfDirty:25175
2026-01-14 14:32:37.274 11200-11200 View                    me.ikate.findmy                      I  setRequestedFrameRate frameRate=NaN, this=android.view.View{ec7fd1f V.ED..... ........ 0,0-0,0}, caller=androidx.compose.ui.platform.Api35Impl.setRequestedFrameRate:3817 androidx.compose.ui.platform.AndroidComposeView.dispatchDraw:2116 android.view.View.draw:26345 android.view.View.updateDisplayListIfDirty:25175 android.view.ViewGroup.recreateChildDisplayList:4794
2026-01-14 14:32:37.275 11200-11245 qdgralloc               me.ikate.findmy                      W  getInterlacedFlag: getMetaData returned 3, defaulting to interlaced_flag = 0
2026-01-14 14:32:37.276 11200-11200 VRI[MainAc...y]@4bad2bb me.ikate.findmy                      D  mThreadedRenderer.initializeIfNeeded()#2 mSurface={isValid=true 0xb400007aefb47580}
2026-01-14 14:32:37.276 11200-11200 InputMethodManagerUtils me.ikate.findmy                      D  startInputInner - Id : 0
2026-01-14 14:32:37.276 11200-11200 InputMethodManager      me.ikate.findmy                      I  startInputInner - IInputMethodManagerGlobalInvoker.startInputOrWindowGainedFocus
2026-01-14 14:32:37.281 11200-11227 InputTransport          me.ikate.findmy                      D  Input channel constructed: 'ClientS', fd=218
2026-01-14 14:32:37.285 11200-11200 MapViewWrapper          me.ikate.findmy                      D  🔵 绘制当前设备圆点: lat/lng: (25.035580259953285,102.7158060056201)
2026-01-14 14:32:37.288 11200-11200 LocationReportService   me.ikate.findmy                      D  🔐 当前用户UID: xdkrNhGn34NLu8yYlEyu9fYhtyx1, 设备ID: 33e4df67b6b994ea
2026-01-14 14:32:37.290 11200-11200 DeviceRepository        me.ikate.findmy                      D  💾 准备保存设备: 33e4df67b6b994ea, location=lat/lng: (25.0385505,102.7143606), battery=79
2026-01-14 14:32:37.290 11200-11200 LocationReportService   me.ikate.findmy                      D  ✅ 位置上报成功: samsung SM-S9280 (ownerId=xdkrNhGn34NLu8yYlEyu9fYhtyx1) at (25.0385505, 102.7143606)
2026-01-14 14:32:37.291 11200-11200 MainViewModel           me.ikate.findmy                      D  位置上报成功
2026-01-14 14:32:37.291 11200-11200 LocationReportService   me.ikate.findmy                      D  🔐 当前用户UID: xdkrNhGn34NLu8yYlEyu9fYhtyx1, 设备ID: 33e4df67b6b994ea
2026-01-14 14:32:37.291 11200-11200 DeviceRepository        me.ikate.findmy                      D  💾 准备保存设备: 33e4df67b6b994ea, location=lat/lng: (25.0385505,102.7143606), battery=79
2026-01-14 14:32:37.292 11200-11200 LocationReportService   me.ikate.findmy                      D  ✅ 位置上报成功: samsung SM-S9280 (ownerId=xdkrNhGn34NLu8yYlEyu9fYhtyx1) at (25.0385505, 102.7143606)
2026-01-14 14:32:37.292 11200-11200 MainViewModel           me.ikate.findmy                      D  位置上报成功
2026-01-14 14:32:37.305 11200-11343 ProxyAndro...gerBackend me.ikate.findmy                      W  Too many Flogger logs received before configuration. Dropping old logs.
2026-01-14 14:32:37.305 11200-11343 ProxyAndro...gerBackend me.ikate.findmy                      W  Too many Flogger logs received before configuration. Dropping old logs.
2026-01-14 14:32:37.306 11200-11347 me.ikate.findmy         me.ikate.findmy                      W  Long monitor contention with owner androidmapsapi-TilePrep_1 (11343) at void m140.eti.run()(:com.google.android.gms.policy_maps_core_dynamite@254515607@254515602025.843324832.843324832:695) waiters=0 in void m140.eti.run() for 194ms
2026-01-14 14:32:37.317 11200-11200 View                    me.ikate.findmy                      I  setRequestedFrameRate frameRate=NaN, this=androidx.compose.ui.platform.AndroidComposeView{3f45eaa VFED..... ........ 0,0-1440,3120 aid=1073741824}, caller=android.view.ViewGroup.setRequestedFrameRate:9952 androidx.compose.ui.platform.Api35Impl.setRequestedFrameRate:3817 androidx.compose.ui.platform.AndroidComposeView.dispatchDraw:2113 android.view.View.draw:26345 android.view.View.updateDisplayListIfDirty:25175
2026-01-14 14:32:37.317 11200-11200 View                    me.ikate.findmy                      I  setRequestedFrameRate frameRate=NaN, this=android.view.View{ec7fd1f V.ED..... ........ 0,0-0,0}, caller=androidx.compose.ui.platform.Api35Impl.setRequestedFrameRate:3817 androidx.compose.ui.platform.AndroidComposeView.dispatchDraw:2116 android.view.View.draw:26345 android.view.View.updateDisplayListIfDirty:25175 android.view.ViewGroup.recreateChildDisplayList:4794
2026-01-14 14:32:37.325 11200-11347 ProxyAndro...gerBackend me.ikate.findmy                      W  Too many Flogger logs received before configuration. Dropping old logs.
2026-01-14 14:32:37.325 11200-11347 ProxyAndro...gerBackend me.ikate.findmy                      W  Too many Flogger logs received before configuration. Dropping old logs.
2026-01-14 14:32:37.325 11200-11348 ProxyAndro...gerBackend me.ikate.findmy                      W  Too many Flogger logs received before configuration. Dropping old logs.
2026-01-14 14:32:37.327 11200-11348 ProxyAndro...gerBackend me.ikate.findmy                      W  Too many Flogger logs received before configuration. Dropping old logs.
2026-01-14 14:32:37.329 11200-11200 MapViewWrapper          me.ikate.findmy                      D  🔵 绘制当前设备圆点: lat/lng: (25.035580259953285,102.7158060056201)
2026-01-14 14:32:37.333 11200-11348 Kumiho-Kumiho           me.ikate.findmy                      I  getPackageName: me.ikate.findmy
2026-01-14 14:32:37.334 11200-11348 Kumiho-Kumiho           me.ikate.findmy                      I  getPackageName: me.ikate.findmy
2026-01-14 14:32:37.334 11200-11200 InputMethodManager      me.ikate.findmy                      I  handleMessage: setImeVisibility visible=false
2026-01-14 14:32:37.334 11200-11200 InsetsController        me.ikate.findmy                      D  hide(ime(), fromIme=false)
2026-01-14 14:32:37.334 11200-11200 ImeTracker              me.ikate.findmy                      I  me.ikate.findmy:b31f2a8c: onCancelled at PHASE_CLIENT_ALREADY_HIDDEN
2026-01-14 14:32:37.335 11200-11348 Kumiho-Kumiho           me.ikate.findmy                      I  getPackageName: me.ikate.findmy
2026-01-14 14:32:37.335 11200-11348 Kumiho-Kumiho           me.ikate.findmy                      I  getPackageName: me.ikate.findmy
2026-01-14 14:32:37.335 11200-11200 LocationReportService   me.ikate.findmy                      D  🔐 当前用户UID: xdkrNhGn34NLu8yYlEyu9fYhtyx1, 设备ID: 33e4df67b6b994ea
2026-01-14 14:32:37.336 11200-11200 DeviceRepository        me.ikate.findmy                      D  💾 准备保存设备: 33e4df67b6b994ea, location=lat/lng: (25.0385505,102.7143606), battery=79
2026-01-14 14:32:37.337 11200-11200 LocationReportService   me.ikate.findmy                      D  ✅ 位置上报成功: samsung SM-S9280 (ownerId=xdkrNhGn34NLu8yYlEyu9fYhtyx1) at (25.0385505, 102.7143606)
2026-01-14 14:32:37.337 11200-11200 MainViewModel           me.ikate.findmy                      D  位置上报成功
2026-01-14 14:32:37.358 11200-11200 Choreographer           me.ikate.findmy                      W  Already have a pending vsync event.  There should only be one at a time.
2026-01-14 14:32:37.369 11200-11345 ProxyAndro...gerBackend me.ikate.findmy                      W  Too many Flogger logs received before configuration. Dropping old logs.
2026-01-14 14:32:37.369 11200-11345 ProxyAndro...gerBackend me.ikate.findmy                      W  Too many Flogger logs received before configuration. Dropping old logs.
2026-01-14 14:32:37.369 11200-11200 MapViewWrapper          me.ikate.findmy                      D  🔵 绘制当前设备圆点: lat/lng: (25.035580259953285,102.7158060056201)
2026-01-14 14:32:37.373 11200-11200 View                    me.ikate.findmy                      I  setRequestedFrameRate frameRate=NaN, this=androidx.compose.ui.platform.AndroidComposeView{3f45eaa VFED..... ........ 0,0-1440,3120 aid=1073741824}, caller=android.view.ViewGroup.setRequestedFrameRate:9952 androidx.compose.ui.platform.Api35Impl.setRequestedFrameRate:3817 androidx.compose.ui.platform.AndroidComposeView.dispatchDraw:2113 android.view.View.draw:26345 android.view.View.updateDisplayListIfDirty:25175
2026-01-14 14:32:37.373 11200-11200 View                    me.ikate.findmy                      I  setRequestedFrameRate frameRate=NaN, this=android.view.View{ec7fd1f V.ED..... ........ 0,0-0,0}, caller=androidx.compose.ui.platform.Api35Impl.setRequestedFrameRate:3817 androidx.compose.ui.platform.AndroidComposeView.dispatchDraw:2116 android.view.View.draw:26345 android.view.View.updateDisplayListIfDirty:25175 android.view.ViewGroup.recreateChildDisplayList:4794
2026-01-14 14:32:37.374 11200-11200 DeviceRepository        me.ikate.findmy                      D  📱 我的设备数量: 1
2026-01-14 14:32:37.374 11200-11200 DeviceRepository        me.ikate.findmy                      D    - samsung SM-S9280 (id=33e4df67b6b994ea, ownerId=xdkrNhGn34NLu8yYlEyu9fYhtyx1)
2026-01-14 14:32:37.374 11200-11200 DeviceRepository        me.ikate.findmy                      D  📊 合并后总设备数: 2
2026-01-14 14:32:37.375 11200-11200 MainViewModel           me.ikate.findmy                      D  📱 收到设备列表更新，数量: 2
2026-01-14 14:32:37.375 11200-11200 MainViewModel           me.ikate.findmy                      D    - samsung SM-S9280 (id=33e4df67b6b994ea)
2026-01-14 14:32:37.375 11200-11200 MainViewModel           me.ikate.findmy                      D    - samsung SM-S9280 (id=8a2fca97cf07e9c8)
2026-01-14 14:32:37.376 11200-11200 DeviceRepository        me.ikate.findmy                      D  📱 我的设备数量: 1
2026-01-14 14:32:37.376 11200-11200 DeviceRepository        me.ikate.findmy                      D    - samsung SM-S9280 (id=33e4df67b6b994ea, ownerId=xdkrNhGn34NLu8yYlEyu9fYhtyx1)
2026-01-14 14:32:37.376 11200-11200 DeviceRepository        me.ikate.findmy                      D  📊 合并后总设备数: 2
2026-01-14 14:32:37.385 11200-11200 MapViewWrapper          me.ikate.findmy                      D  🔵 绘制当前设备圆点: lat/lng: (25.035580259953285,102.7158060056201)
2026-01-14 14:32:37.388 11200-11200 View                    me.ikate.findmy                      I  setRequestedFrameRate frameRate=NaN, this=androidx.compose.ui.platform.AndroidComposeView{3f45eaa VFED..... ........ 0,0-1440,3120 aid=1073741824}, caller=android.view.ViewGroup.setRequestedFrameRate:9952 androidx.compose.ui.platform.Api35Impl.setRequestedFrameRate:3817 androidx.compose.ui.platform.AndroidComposeView.dispatchDraw:2113 android.view.View.draw:26345 android.view.View.updateDisplayListIfDirty:25175
2026-01-14 14:32:37.388 11200-11200 View                    me.ikate.findmy                      I  setRequestedFrameRate frameRate=NaN, this=android.view.View{ec7fd1f V.ED..... ........ 0,0-0,0}, caller=androidx.compose.ui.platform.Api35Impl.setRequestedFrameRate:3817 androidx.compose.ui.platform.AndroidComposeView.dispatchDraw:2116 android.view.View.draw:26345 android.view.View.updateDisplayListIfDirty:25175 android.view.ViewGroup.recreateChildDisplayList:4794
2026-01-14 14:32:37.390 11200-11200 DeviceRepository        me.ikate.findmy                      D  📱 我的设备数量: 1
2026-01-14 14:32:37.390 11200-11200 DeviceRepository        me.ikate.findmy                      D    - samsung SM-S9280 (id=33e4df67b6b994ea, ownerId=xdkrNhGn34NLu8yYlEyu9fYhtyx1)
2026-01-14 14:32:37.390 11200-11200 DeviceRepository        me.ikate.findmy                      D  📊 合并后总设备数: 2
2026-01-14 14:32:37.390 11200-11200 MainViewModel           me.ikate.findmy                      D  📱 收到设备列表更新，数量: 2
2026-01-14 14:32:37.390 11200-11200 MainViewModel           me.ikate.findmy                      D    - samsung SM-S9280 (id=33e4df67b6b994ea)
2026-01-14 14:32:37.390 11200-11200 MainViewModel           me.ikate.findmy                      D    - samsung SM-S9280 (id=8a2fca97cf07e9c8)
2026-01-14 14:32:37.391 11200-11200 DeviceRepository        me.ikate.findmy                      D  📱 我的设备数量: 1
2026-01-14 14:32:37.391 11200-11200 DeviceRepository        me.ikate.findmy                      D    - samsung SM-S9280 (id=33e4df67b6b994ea, ownerId=xdkrNhGn34NLu8yYlEyu9fYhtyx1)
2026-01-14 14:32:37.391 11200-11200 DeviceRepository        me.ikate.findmy                      D  📊 合并后总设备数: 2
2026-01-14 14:32:37.395 11200-11200 DeviceRepository        me.ikate.findmy                      D  📱 我的设备数量: 1
2026-01-14 14:32:37.395 11200-11200 DeviceRepository        me.ikate.findmy                      D    - samsung SM-S9280 (id=33e4df67b6b994ea, ownerId=xdkrNhGn34NLu8yYlEyu9fYhtyx1)
2026-01-14 14:32:37.395 11200-11200 DeviceRepository        me.ikate.findmy                      D  📊 合并后总设备数: 2
2026-01-14 14:32:37.395 11200-11200 MainViewModel           me.ikate.findmy                      D  📱 收到设备列表更新，数量: 2
2026-01-14 14:32:37.395 11200-11200 MainViewModel           me.ikate.findmy                      D    - samsung SM-S9280 (id=33e4df67b6b994ea)
2026-01-14 14:32:37.395 11200-11200 MainViewModel           me.ikate.findmy                      D    - samsung SM-S9280 (id=8a2fca97cf07e9c8)
2026-01-14 14:32:37.396 11200-11200 DeviceRepository        me.ikate.findmy                      D  📱 我的设备数量: 1
2026-01-14 14:32:37.396 11200-11200 DeviceRepository        me.ikate.findmy                      D    - samsung SM-S9280 (id=33e4df67b6b994ea, ownerId=xdkrNhGn34NLu8yYlEyu9fYhtyx1)
2026-01-14 14:32:37.396 11200-11200 DeviceRepository        me.ikate.findmy                      D  📊 合并后总设备数: 2
2026-01-14 14:32:37.417 11200-11200 MapViewWrapper          me.ikate.findmy                      D  🔵 绘制当前设备圆点: lat/lng: (25.035580259953285,102.7158060056201)
2026-01-14 14:32:37.426 11200-11200 View                    me.ikate.findmy                      I  setRequestedFrameRate frameRate=NaN, this=androidx.compose.ui.platform.AndroidComposeView{3f45eaa VFED..... ........ 0,0-1440,3120 aid=1073741824}, caller=android.view.ViewGroup.setRequestedFrameRate:9952 androidx.compose.ui.platform.Api35Impl.setRequestedFrameRate:3817 androidx.compose.ui.platform.AndroidComposeView.dispatchDraw:2113 android.view.View.draw:26345 android.view.View.updateDisplayListIfDirty:25175
2026-01-14 14:32:37.426 11200-11200 View                    me.ikate.findmy                      I  setRequestedFrameRate frameRate=NaN, this=android.view.View{ec7fd1f V.ED..... ........ 0,0-0,0}, caller=androidx.compose.ui.platform.Api35Impl.setRequestedFrameRate:3817 androidx.compose.ui.platform.AndroidComposeView.dispatchDraw:2116 android.view.View.draw:26345 android.view.View.updateDisplayListIfDirty:25175 android.view.ViewGroup.recreateChildDisplayList:4794
2026-01-14 14:32:37.432 11200-11200 View                    me.ikate.findmy                      I  setRequestedFrameRate frameRate=NaN, this=androidx.compose.ui.platform.AndroidComposeView{3f45eaa VFED..... ........ 0,0-1440,3120 aid=1073741824}, caller=android.view.ViewGroup.setRequestedFrameRate:9952 androidx.compose.ui.platform.Api35Impl.setRequestedFrameRate:3817 androidx.compose.ui.platform.AndroidComposeView.dispatchDraw:2113 android.view.View.draw:26345 android.view.View.updateDisplayListIfDirty:25175
2026-01-14 14:32:37.432 11200-11200 View                    me.ikate.findmy                      I  setRequestedFrameRate frameRate=NaN, this=android.view.View{ec7fd1f V.ED..... ........ 0,0-0,0}, caller=androidx.compose.ui.platform.Api35Impl.setRequestedFrameRate:3817 androidx.compose.ui.platform.AndroidComposeView.dispatchDraw:2116 android.view.View.draw:26345 android.view.View.updateDisplayListIfDirty:25175 android.view.ViewGroup.recreateChildDisplayList:4794
2026-01-14 14:32:37.432 11200-11343 ProxyAndro...gerBackend me.ikate.findmy                      W  Too many Flogger logs received before configuration. Dropping old logs.
2026-01-14 14:32:37.432 11200-11343 ProxyAndro...gerBackend me.ikate.findmy                      W  Too many Flogger logs received before configuration. Dropping old logs.
2026-01-14 14:32:37.441 11200-11200 View                    me.ikate.findmy                      I  setRequestedFrameRate frameRate=NaN, this=androidx.compose.ui.platform.AndroidComposeView{3f45eaa VFED..... ......ID 0,0-1440,3120 aid=1073741824}, caller=android.view.ViewGroup.setRequestedFrameRate:9952 androidx.compose.ui.platform.Api35Impl.setRequestedFrameRate:3817 androidx.compose.ui.platform.AndroidComposeView.dispatchDraw:2113 android.view.View.draw:26345 android.view.View.updateDisplayListIfDirty:25175
2026-01-14 14:32:37.441 11200-11200 View                    me.ikate.findmy                      I  setRequestedFrameRate frameRate=NaN, this=android.view.View{ec7fd1f V.ED..... ........ 0,0-0,0}, caller=androidx.compose.ui.platform.Api35Impl.setRequestedFrameRate:3817 androidx.compose.ui.platform.AndroidComposeView.dispatchDraw:2116 android.view.View.draw:26345 android.view.View.updateDisplayListIfDirty:25175 android.view.ViewGroup.recreateChildDisplayList:4794
2026-01-14 14:32:37.441 11200-11347 ProxyAndro...gerBackend me.ikate.findmy                      W  Too many Flogger logs received before configuration. Dropping old logs.
2026-01-14 14:32:37.441 11200-11347 ProxyAndro...gerBackend me.ikate.findmy                      W  Too many Flogger logs received before configuration. Dropping old logs.
2026-01-14 14:32:37.447 11200-11200 View                    me.ikate.findmy                      I  setRequestedFrameRate frameRate=NaN, this=androidx.compose.ui.platform.AndroidComposeView{3f45eaa VFED..... ........ 0,0-1440,3120 aid=1073741824}, caller=android.view.ViewGroup.setRequestedFrameRate:9952 androidx.compose.ui.platform.Api35Impl.setRequestedFrameRate:3817 androidx.compose.ui.platform.AndroidComposeView.dispatchDraw:2113 android.view.View.draw:26345 android.view.View.updateDisplayListIfDirty:25175
2026-01-14 14:32:37.447 11200-11200 View                    me.ikate.findmy                      I  setRequestedFrameRate frameRate=NaN, this=android.view.View{ec7fd1f V.ED..... ........ 0,0-0,0}, caller=androidx.compose.ui.platform.Api35Impl.setRequestedFrameRate:3817 androidx.compose.ui.platform.AndroidComposeView.dispatchDraw:2116 android.view.View.draw:26345 android.view.View.updateDisplayListIfDirty:25175 android.view.ViewGroup.recreateChildDisplayList:4794
2026-01-14 14:32:37.455 11200-11345 ProxyAndro...gerBackend me.ikate.findmy                      W  Too many Flogger logs received before configuration. Dropping old logs.
2026-01-14 14:32:37.455 11200-11345 ProxyAndro...gerBackend me.ikate.findmy                      W  Too many Flogger logs received before configuration. Dropping old logs.
2026-01-14 14:32:37.466 11200-11343 ProxyAndro...gerBackend me.ikate.findmy                      W  Too many Flogger logs received before configuration. Dropping old logs.
2026-01-14 14:32:37.466 11200-11343 ProxyAndro...gerBackend me.ikate.findmy                      W  Too many Flogger logs received before configuration. Dropping old logs.
2026-01-14 14:32:37.466 11200-11200 MapViewWrapper          me.ikate.findmy                      D  🔵 绘制当前设备圆点: lat/lng: (25.035580259953285,102.7158060056201)
2026-01-14 14:32:37.469 11200-11200 View                    me.ikate.findmy                      I  setRequestedFrameRate frameRate=NaN, this=androidx.compose.ui.platform.AndroidComposeView{3f45eaa VFED..... ........ 0,0-1440,3120 aid=1073741824}, caller=android.view.ViewGroup.setRequestedFrameRate:9952 androidx.compose.ui.platform.Api35Impl.setRequestedFrameRate:3817 androidx.compose.ui.platform.AndroidComposeView.dispatchDraw:2113 android.view.View.draw:26345 android.view.View.updateDisplayListIfDirty:25175
2026-01-14 14:32:37.469 11200-11200 View                    me.ikate.findmy                      I  setRequestedFrameRate frameRate=NaN, this=android.view.View{ec7fd1f V.ED..... ........ 0,0-0,0}, caller=androidx.compose.ui.platform.Api35Impl.setRequestedFrameRate:3817 androidx.compose.ui.platform.AndroidComposeView.dispatchDraw:2116 android.view.View.draw:26345 android.view.View.updateDisplayListIfDirty:25175 android.view.ViewGroup.recreateChildDisplayList:4794
2026-01-14 14:32:37.474 11200-11347 ProxyAndro...gerBackend me.ikate.findmy                      W  Too many Flogger logs received before configuration. Dropping old logs.
2026-01-14 14:32:37.474 11200-11347 ProxyAndro...gerBackend me.ikate.findmy                      W  Too many Flogger logs received before configuration. Dropping old logs.
2026-01-14 14:32:37.479 11200-11200 View                    me.ikate.findmy                      I  setRequestedFrameRate frameRate=NaN, this=androidx.compose.ui.platform.AndroidComposeView{3f45eaa VFED..... ........ 0,0-1440,3120 aid=1073741824}, caller=android.view.ViewGroup.setRequestedFrameRate:9952 androidx.compose.ui.platform.Api35Impl.setRequestedFrameRate:3817 androidx.compose.ui.platform.AndroidComposeView.dispatchDraw:2113 android.view.View.draw:26345 android.view.View.updateDisplayListIfDirty:25175
2026-01-14 14:32:37.479 11200-11200 View                    me.ikate.findmy                      I  setRequestedFrameRate frameRate=NaN, this=android.view.View{ec7fd1f V.ED..... ........ 0,0-0,0}, caller=androidx.compose.ui.platform.Api35Impl.setRequestedFrameRate:3817 androidx.compose.ui.platform.AndroidComposeView.dispatchDraw:2116 android.view.View.draw:26345 android.view.View.updateDisplayListIfDirty:25175 android.view.ViewGroup.recreateChildDisplayList:4794
2026-01-14 14:32:37.482 11200-11345 ProxyAndro...gerBackend me.ikate.findmy                      W  Too many Flogger logs received before configuration. Dropping old logs.
2026-01-14 14:32:37.482 11200-11345 ProxyAndro...gerBackend me.ikate.findmy                      W  Too many Flogger logs received before configuration. Dropping old logs.
2026-01-14 14:32:37.486 11200-11343 ProxyAndro...gerBackend me.ikate.findmy                      W  Too many Flogger logs received before configuration. Dropping old logs.
2026-01-14 14:32:37.486 11200-11343 ProxyAndro...gerBackend me.ikate.findmy                      W  Too many Flogger logs received before configuration. Dropping old logs.
2026-01-14 14:32:37.494 11200-11347 ProxyAndro...gerBackend me.ikate.findmy                      W  Too many Flogger logs received before configuration. Dropping old logs.
2026-01-14 14:32:37.494 11200-11347 ProxyAndro...gerBackend me.ikate.findmy                      W  Too many Flogger logs received before configuration. Dropping old logs.
2026-01-14 14:32:37.496 11200-11200 View                    me.ikate.findmy                      I  setRequestedFrameRate frameRate=NaN, this=androidx.compose.ui.platform.AndroidComposeView{3f45eaa VFED..... ........ 0,0-1440,3120 aid=1073741824}, caller=android.view.ViewGroup.setRequestedFrameRate:9952 androidx.compose.ui.platform.Api35Impl.setRequestedFrameRate:3817 androidx.compose.ui.platform.AndroidComposeView.dispatchDraw:2113 android.view.View.draw:26345 android.view.View.updateDisplayListIfDirty:25175
2026-01-14 14:32:37.496 11200-11200 View                    me.ikate.findmy                      I  setRequestedFrameRate frameRate=NaN, this=android.view.View{ec7fd1f V.ED..... ........ 0,0-0,0}, caller=androidx.compose.ui.platform.Api35Impl.setRequestedFrameRate:3817 androidx.compose.ui.platform.AndroidComposeView.dispatchDraw:2116 android.view.View.draw:26345 android.view.View.updateDisplayListIfDirty:25175 android.view.ViewGroup.recreateChildDisplayList:4794
2026-01-14 14:32:37.500 11200-11345 ProxyAndro...gerBackend me.ikate.findmy                      W  Too many Flogger logs received before configuration. Dropping old logs.
2026-01-14 14:32:37.500 11200-11345 ProxyAndro...gerBackend me.ikate.findmy                      W  Too many Flogger logs received before configuration. Dropping old logs.
2026-01-14 14:32:37.506 11200-11343 ProxyAndro...gerBackend me.ikate.findmy                      W  Too many Flogger logs received before configuration. Dropping old logs.
2026-01-14 14:32:37.507 11200-11343 ProxyAndro...gerBackend me.ikate.findmy                      W  Too many Flogger logs received before configuration. Dropping old logs.
2026-01-14 14:32:37.513 11200-11200 View                    me.ikate.findmy                      I  setRequestedFrameRate frameRate=NaN, this=androidx.compose.ui.platform.AndroidComposeView{3f45eaa VFED..... ........ 0,0-1440,3120 aid=1073741824}, caller=android.view.ViewGroup.setRequestedFrameRate:9952 androidx.compose.ui.platform.Api35Impl.setRequestedFrameRate:3817 androidx.compose.ui.platform.AndroidComposeView.dispatchDraw:2113 android.view.View.draw:26345 android.view.View.updateDisplayListIfDirty:25175
2026-01-14 14:32:37.513 11200-11200 View                    me.ikate.findmy                      I  setRequestedFrameRate frameRate=NaN, this=android.view.View{ec7fd1f V.ED..... ........ 0,0-0,0}, caller=androidx.compose.ui.platform.Api35Impl.setRequestedFrameRate:3817 androidx.compose.ui.platform.AndroidComposeView.dispatchDraw:2116 android.view.View.draw:26345 android.view.View.updateDisplayListIfDirty:25175 android.view.ViewGroup.recreateChildDisplayList:4794
2026-01-14 14:32:37.517 11200-11347 ProxyAndro...gerBackend me.ikate.findmy                      W  Too many Flogger logs received before configuration. Dropping old logs.
2026-01-14 14:32:37.517 11200-11347 ProxyAndro...gerBackend me.ikate.findmy                      W  Too many Flogger logs received before configuration. Dropping old logs.
2026-01-14 14:32:37.526 11200-11200 MapViewWrapper          me.ikate.findmy                      D  🔵 绘制当前设备圆点: lat/lng: (25.035580259953285,102.7158060056201)
2026-01-14 14:32:37.527 11200-11345 ProxyAndro...gerBackend me.ikate.findmy                      W  Too many Flogger logs received before configuration. Dropping old logs.
2026-01-14 14:32:37.528 11200-11345 ProxyAndro...gerBackend me.ikate.findmy                      W  Too many Flogger logs received before configuration. Dropping old logs.
2026-01-14 14:32:37.533 11200-11200 MapViewWrapper          me.ikate.findmy                      D  🔵 绘制当前设备圆点: lat/lng: (25.035580259953285,102.7158060056201)
2026-01-14 14:32:37.534 11200-11343 ProxyAndro...gerBackend me.ikate.findmy                      W  Too many Flogger logs received before configuration. Dropping old logs.
2026-01-14 14:32:37.534 11200-11343 ProxyAndro...gerBackend me.ikate.findmy                      W  Too many Flogger logs received before configuration. Dropping old logs.
2026-01-14 14:32:37.535 11200-11200 View                    me.ikate.findmy                      I  setRequestedFrameRate frameRate=NaN, this=androidx.compose.ui.platform.AndroidComposeView{3f45eaa VFED..... ........ 0,0-1440,3120 aid=1073741824}, caller=android.view.ViewGroup.setRequestedFrameRate:9952 androidx.compose.ui.platform.Api35Impl.setRequestedFrameRate:3817 androidx.compose.ui.platform.AndroidComposeView.dispatchDraw:2113 android.view.View.draw:26345 android.view.View.updateDisplayListIfDirty:25175
2026-01-14 14:32:37.535 11200-11200 View                    me.ikate.findmy                      I  setRequestedFrameRate frameRate=NaN, this=android.view.View{ec7fd1f V.ED..... ........ 0,0-0,0}, caller=androidx.compose.ui.platform.Api35Impl.setRequestedFrameRate:3817 androidx.compose.ui.platform.AndroidComposeView.dispatchDraw:2116 android.view.View.draw:26345 android.view.View.updateDisplayListIfDirty:25175 android.view.ViewGroup.recreateChildDisplayList:4794
2026-01-14 14:32:37.537 11200-11347 ProxyAndro...gerBackend me.ikate.findmy                      W  Too many Flogger logs received before configuration. Dropping old logs.
2026-01-14 14:32:37.537 11200-11347 ProxyAndro...gerBackend me.ikate.findmy                      W  Too many Flogger logs received before configuration. Dropping old logs.
2026-01-14 14:32:37.546 11200-11200 View                    me.ikate.findmy                      I  setRequestedFrameRate frameRate=NaN, this=androidx.compose.ui.platform.AndroidComposeView{3f45eaa VFED..... ........ 0,0-1440,3120 aid=1073741824}, caller=android.view.ViewGroup.setRequestedFrameRate:9952 androidx.compose.ui.platform.Api35Impl.setRequestedFrameRate:3817 androidx.compose.ui.platform.AndroidComposeView.dispatchDraw:2113 android.view.View.draw:26345 android.view.View.updateDisplayListIfDirty:25175
2026-01-14 14:32:37.546 11200-11200 View                    me.ikate.findmy                      I  setRequestedFrameRate frameRate=NaN, this=android.view.View{ec7fd1f V.ED..... ........ 0,0-0,0}, caller=androidx.compose.ui.platform.Api35Impl.setRequestedFrameRate:3817 androidx.compose.ui.platform.AndroidComposeView.dispatchDraw:2116 android.view.View.draw:26345 android.view.View.updateDisplayListIfDirty:25175 android.view.ViewGroup.recreateChildDisplayList:4794
2026-01-14 14:32:37.548 11200-11345 ProxyAndro...gerBackend me.ikate.findmy                      W  Too many Flogger logs received before configuration. Dropping old logs.
2026-01-14 14:32:37.548 11200-11345 ProxyAndro...gerBackend me.ikate.findmy                      W  Too many Flogger logs received before configuration. Dropping old logs.
2026-01-14 14:32:37.550 11200-11343 ProxyAndro...gerBackend me.ikate.findmy                      W  Too many Flogger logs received before configuration. Dropping old logs.
2026-01-14 14:32:37.550 11200-11343 ProxyAndro...gerBackend me.ikate.findmy                      W  Too many Flogger logs received before configuration. Dropping old logs.
2026-01-14 14:32:37.553 11200-11347 ProxyAndro...gerBackend me.ikate.findmy                      W  Too many Flogger logs received before configuration. Dropping old logs.
2026-01-14 14:32:37.553 11200-11347 ProxyAndro...gerBackend me.ikate.findmy                      W  Too many Flogger logs received before configuration. Dropping old logs.
2026-01-14 14:32:37.563 11200-11200 View                    me.ikate.findmy                      I  setRequestedFrameRate frameRate=NaN, this=androidx.compose.ui.platform.AndroidComposeView{3f45eaa VFED..... ........ 0,0-1440,3120 aid=1073741824}, caller=android.view.ViewGroup.setRequestedFrameRate:9952 androidx.compose.ui.platform.Api35Impl.setRequestedFrameRate:3817 androidx.compose.ui.platform.AndroidComposeView.dispatchDraw:2113 android.view.View.draw:26345 android.view.View.updateDisplayListIfDirty:25175
2026-01-14 14:32:37.563 11200-11200 View                    me.ikate.findmy                      I  setRequestedFrameRate frameRate=NaN, this=android.view.View{ec7fd1f V.ED..... ........ 0,0-0,0}, caller=androidx.compose.ui.platform.Api35Impl.setRequestedFrameRate:3817 androidx.compose.ui.platform.AndroidComposeView.dispatchDraw:2116 android.view.View.draw:26345 android.view.View.updateDisplayListIfDirty:25175 android.view.ViewGroup.recreateChildDisplayList:4794
2026-01-14 14:32:37.568 11200-11210 me.ikate.findmy         me.ikate.findmy                      I  Compiler allocated 5726KB to compile void m140.esk.o()
2026-01-14 14:32:37.579 11200-11347 Kumiho-Kumiho           me.ikate.findmy                      I  getPackageName: me.ikate.findmy
2026-01-14 14:32:37.580 11200-11347 Kumiho-Kumiho           me.ikate.findmy                      I  getPackageName: me.ikate.findmy
2026-01-14 14:32:37.589 11200-11200 MapViewWrapper          me.ikate.findmy                      D  🔵 绘制当前设备圆点: lat/lng: (25.035580259953285,102.7158060056201)
2026-01-14 14:32:37.594 11200-11200 View                    me.ikate.findmy                      I  setRequestedFrameRate frameRate=NaN, this=androidx.compose.ui.platform.AndroidComposeView{3f45eaa VFED..... ........ 0,0-1440,3120 aid=1073741824}, caller=android.view.ViewGroup.setRequestedFrameRate:9952 androidx.compose.ui.platform.Api35Impl.setRequestedFrameRate:3817 androidx.compose.ui.platform.AndroidComposeView.dispatchDraw:2113 android.view.View.draw:26345 android.view.View.updateDisplayListIfDirty:25175
2026-01-14 14:32:37.594 11200-11200 View                    me.ikate.findmy                      I  setRequestedFrameRate frameRate=NaN, this=android.view.View{ec7fd1f V.ED..... ........ 0,0-0,0}, caller=androidx.compose.ui.platform.Api35Impl.setRequestedFrameRate:3817 androidx.compose.ui.platform.AndroidComposeView.dispatchDraw:2116 android.view.View.draw:26345 android.view.View.updateDisplayListIfDirty:25175 android.view.ViewGroup.recreateChildDisplayList:4794
2026-01-14 14:32:37.608 11200-11200 MapViewWrapper          me.ikate.findmy                      D  🔵 绘制当前设备圆点: lat/lng: (25.035580259953285,102.7158060056201)
2026-01-14 14:32:37.622 11200-11200 View                    me.ikate.findmy                      I  setRequestedFrameRate frameRate=NaN, this=androidx.compose.ui.platform.AndroidComposeView{3f45eaa VFED..... ........ 0,0-1440,3120 aid=1073741824}, caller=android.view.ViewGroup.setRequestedFrameRate:9952 androidx.compose.ui.platform.Api35Impl.setRequestedFrameRate:3817 androidx.compose.ui.platform.AndroidComposeView.dispatchDraw:2113 android.view.View.draw:26345 android.view.View.updateDisplayListIfDirty:25175
2026-01-14 14:32:37.622 11200-11200 View                    me.ikate.findmy                      I  setRequestedFrameRate frameRate=NaN, this=android.view.View{ec7fd1f V.ED..... ........ 0,0-0,0}, caller=androidx.compose.ui.platform.Api35Impl.setRequestedFrameRate:3817 androidx.compose.ui.platform.AndroidComposeView.dispatchDraw:2116 android.view.View.draw:26345 android.view.View.updateDisplayListIfDirty:25175 android.view.ViewGroup.recreateChildDisplayList:4794
2026-01-14 14:32:37.650 11200-11200 MapViewWrapper          me.ikate.findmy                      D  🔵 绘制当前设备圆点: lat/lng: (25.035580259953285,102.7158060056201)
2026-01-14 14:32:37.653 11200-11200 View                    me.ikate.findmy                      I  setRequestedFrameRate frameRate=NaN, this=androidx.compose.ui.platform.AndroidComposeView{3f45eaa VFED..... ........ 0,0-1440,3120 aid=1073741824}, caller=android.view.ViewGroup.setRequestedFrameRate:9952 androidx.compose.ui.platform.Api35Impl.setRequestedFrameRate:3817 androidx.compose.ui.platform.AndroidComposeView.dispatchDraw:2113 android.view.View.draw:26345 android.view.View.updateDisplayListIfDirty:25175
2026-01-14 14:32:37.654 11200-11200 View                    me.ikate.findmy                      I  setRequestedFrameRate frameRate=NaN, this=android.view.View{ec7fd1f V.ED..... ........ 0,0-0,0}, caller=androidx.compose.ui.platform.Api35Impl.setRequestedFrameRate:3817 androidx.compose.ui.platform.AndroidComposeView.dispatchDraw:2116 android.view.View.draw:26345 android.view.View.updateDisplayListIfDirty:25175 android.view.ViewGroup.recreateChildDisplayList:4794
2026-01-14 14:32:37.668 11200-11200 MapViewWrapper          me.ikate.findmy                      D  🔵 绘制当前设备圆点: lat/lng: (25.035580259953285,102.7158060056201)
2026-01-14 14:32:37.680 11200-11200 View                    me.ikate.findmy                      I  setRequestedFrameRate frameRate=NaN, this=androidx.compose.ui.platform.AndroidComposeView{3f45eaa VFED..... ........ 0,0-1440,3120 aid=1073741824}, caller=android.view.ViewGroup.setRequestedFrameRate:9952 androidx.compose.ui.platform.Api35Impl.setRequestedFrameRate:3817 androidx.compose.ui.platform.AndroidComposeView.dispatchDraw:2113 android.view.View.draw:26345 android.view.View.updateDisplayListIfDirty:25175
2026-01-14 14:32:37.680 11200-11200 View                    me.ikate.findmy                      I  setRequestedFrameRate frameRate=NaN, this=android.view.View{ec7fd1f V.ED..... ........ 0,0-0,0}, caller=androidx.compose.ui.platform.Api35Impl.setRequestedFrameRate:3817 androidx.compose.ui.platform.AndroidComposeView.dispatchDraw:2116 android.view.View.draw:26345 android.view.View.updateDisplayListIfDirty:25175 android.view.ViewGroup.recreateChildDisplayList:4794
2026-01-14 14:32:37.696 11200-11200 View                    me.ikate.findmy                      I  setRequestedFrameRate frameRate=NaN, this=androidx.compose.ui.platform.AndroidComposeView{3f45eaa VFED..... ........ 0,0-1440,3120 aid=1073741824}, caller=android.view.ViewGroup.setRequestedFrameRate:9952 androidx.compose.ui.platform.Api35Impl.setRequestedFrameRate:3817 androidx.compose.ui.platform.AndroidComposeView.dispatchDraw:2113 android.view.View.draw:26345 android.view.View.updateDisplayListIfDirty:25175
2026-01-14 14:32:37.696 11200-11200 View                    me.ikate.findmy                      I  setRequestedFrameRate frameRate=NaN, this=android.view.View{ec7fd1f V.ED..... ........ 0,0-0,0}, caller=androidx.compose.ui.platform.Api35Impl.setRequestedFrameRate:3817 androidx.compose.ui.platform.AndroidComposeView.dispatchDraw:2116 android.view.View.draw:26345 android.view.View.updateDisplayListIfDirty:25175 android.view.ViewGroup.recreateChildDisplayList:4794
2026-01-14 14:32:37.713 11200-11200 MapViewWrapper          me.ikate.findmy                      D  🔵 绘制当前设备圆点: lat/lng: (25.035580259953285,102.7158060056201)
2026-01-14 14:32:37.717 11200-11200 View                    me.ikate.findmy                      I  setRequestedFrameRate frameRate=NaN, this=androidx.compose.ui.platform.AndroidComposeView{3f45eaa VFED..... ........ 0,0-1440,3120 aid=1073741824}, caller=android.view.ViewGroup.setRequestedFrameRate:9952 androidx.compose.ui.platform.Api35Impl.setRequestedFrameRate:3817 androidx.compose.ui.platform.AndroidComposeView.dispatchDraw:2113 android.view.View.draw:26345 android.view.View.updateDisplayListIfDirty:25175
2026-01-14 14:32:37.717 11200-11200 View                    me.ikate.findmy                      I  setRequestedFrameRate frameRate=NaN, this=android.view.View{ec7fd1f V.ED..... ........ 0,0-0,0}, caller=androidx.compose.ui.platform.Api35Impl.setRequestedFrameRate:3817 androidx.compose.ui.platform.AndroidComposeView.dispatchDraw:2116 android.view.View.draw:26345 android.view.View.updateDisplayListIfDirty:25175 android.view.ViewGroup.recreateChildDisplayList:4794
2026-01-14 14:32:37.749 11200-11200 MapViewWrapper          me.ikate.findmy                      D  🔵 绘制当前设备圆点: lat/lng: (25.035580259953285,102.7158060056201)
2026-01-14 14:32:37.753 11200-11200 View                    me.ikate.findmy                      I  setRequestedFrameRate frameRate=NaN, this=androidx.compose.ui.platform.AndroidComposeView{3f45eaa VFED..... ........ 0,0-1440,3120 aid=1073741824}, caller=android.view.ViewGroup.setRequestedFrameRate:9952 androidx.compose.ui.platform.Api35Impl.setRequestedFrameRate:3817 androidx.compose.ui.platform.AndroidComposeView.dispatchDraw:2113 android.view.View.draw:26345 android.view.View.updateDisplayListIfDirty:25175
2026-01-14 14:32:37.753 11200-11200 View                    me.ikate.findmy                      I  setRequestedFrameRate frameRate=NaN, this=android.view.View{ec7fd1f V.ED..... ........ 0,0-0,0}, caller=androidx.compose.ui.platform.Api35Impl.setRequestedFrameRate:3817 androidx.compose.ui.platform.AndroidComposeView.dispatchDraw:2116 android.view.View.draw:26345 android.view.View.updateDisplayListIfDirty:25175 android.view.ViewGroup.recreateChildDisplayList:4794
2026-01-14 14:32:37.778 11200-11200 MapViewWrapper          me.ikate.findmy                      D  🔵 绘制当前设备圆点: lat/lng: (25.035580259953285,102.7158060056201)
2026-01-14 14:32:37.797 11200-11200 View                    me.ikate.findmy                      I  setRequestedFrameRate frameRate=NaN, this=androidx.compose.ui.platform.AndroidComposeView{3f45eaa VFED..... ........ 0,0-1440,3120 aid=1073741824}, caller=android.view.ViewGroup.setRequestedFrameRate:9952 androidx.compose.ui.platform.Api35Impl.setRequestedFrameRate:3817 androidx.compose.ui.platform.AndroidComposeView.dispatchDraw:2113 android.view.View.draw:26345 android.view.View.updateDisplayListIfDirty:25175
2026-01-14 14:32:37.797 11200-11200 View                    me.ikate.findmy                      I  setRequestedFrameRate frameRate=NaN, this=android.view.View{ec7fd1f V.ED..... ........ 0,0-0,0}, caller=androidx.compose.ui.platform.Api35Impl.setRequestedFrameRate:3817 androidx.compose.ui.platform.AndroidComposeView.dispatchDraw:2116 android.view.View.draw:26345 android.view.View.updateDisplayListIfDirty:25175 android.view.ViewGroup.recreateChildDisplayList:4794
2026-01-14 14:32:37.817 11200-11200 MapViewWrapper          me.ikate.findmy                      D  🔵 绘制当前设备圆点: lat/lng: (25.035580259953285,102.7158060056201)
2026-01-14 14:32:37.835 11200-11200 MapViewWrapper          me.ikate.findmy                      D  🔵 绘制当前设备圆点: lat/lng: (25.035580259953285,102.7158060056201)
2026-01-14 14:32:37.835 11200-11210 me.ikate.findmy         me.ikate.findmy                      I  Compiler allocated 6684KB to compile void m140.ekm.W(m140.epa, m140.fiw, android.content.res.Resources, m140.emr, m140.exp, boolean, m140.dkr, java.util.Map, boolean, boolean, boolean, boolean, boolean)
2026-01-14 14:32:37.838 11200-11200 View                    me.ikate.findmy                      I  setRequestedFrameRate frameRate=NaN, this=androidx.compose.ui.platform.AndroidComposeView{3f45eaa VFED..... ........ 0,0-1440,3120 aid=1073741824}, caller=android.view.ViewGroup.setRequestedFrameRate:9952 androidx.compose.ui.platform.Api35Impl.setRequestedFrameRate:3817 androidx.compose.ui.platform.AndroidComposeView.dispatchDraw:2113 android.view.View.draw:26345 android.view.View.updateDisplayListIfDirty:25175
2026-01-14 14:32:37.838 11200-11200 View                    me.ikate.findmy                      I  setRequestedFrameRate frameRate=NaN, this=android.view.View{ec7fd1f V.ED..... ........ 0,0-0,0}, caller=androidx.compose.ui.platform.Api35Impl.setRequestedFrameRate:3817 androidx.compose.ui.platform.AndroidComposeView.dispatchDraw:2116 android.view.View.draw:26345 android.view.View.updateDisplayListIfDirty:25175 android.view.ViewGroup.recreateChildDisplayList:4794
2026-01-14 14:32:37.854 11200-11200 View                    me.ikate.findmy                      I  setRequestedFrameRate frameRate=NaN, this=androidx.compose.ui.platform.AndroidComposeView{3f45eaa VFED..... ........ 0,0-1440,3120 aid=1073741824}, caller=android.view.ViewGroup.setRequestedFrameRate:9952 androidx.compose.ui.platform.Api35Impl.setRequestedFrameRate:3817 androidx.compose.ui.platform.AndroidComposeView.dispatchDraw:2113 android.view.View.draw:26345 android.view.View.updateDisplayListIfDirty:25175
2026-01-14 14:32:37.854 11200-11200 View                    me.ikate.findmy                      I  setRequestedFrameRate frameRate=NaN, this=android.view.View{ec7fd1f V.ED..... ........ 0,0-0,0}, caller=androidx.compose.ui.platform.Api35Impl.setRequestedFrameRate:3817 androidx.compose.ui.platform.AndroidComposeView.dispatchDraw:2116 android.view.View.draw:26345 android.view.View.updateDisplayListIfDirty:25175 android.view.ViewGroup.recreateChildDisplayList:4794
2026-01-14 14:32:37.862 11200-11200 View                    me.ikate.findmy                      I  setRequestedFrameRate frameRate=NaN, this=androidx.compose.ui.platform.AndroidComposeView{3f45eaa VFED..... ........ 0,0-1440,3120 aid=1073741824}, caller=android.view.ViewGroup.setRequestedFrameRate:9952 androidx.compose.ui.platform.Api35Impl.setRequestedFrameRate:3817 androidx.compose.ui.platform.AndroidComposeView.dispatchDraw:2113 android.view.View.draw:26345 android.view.View.updateDisplayListIfDirty:25175
2026-01-14 14:32:37.862 11200-11200 View                    me.ikate.findmy                      I  setRequestedFrameRate frameRate=NaN, this=android.view.View{ec7fd1f V.ED..... ........ 0,0-0,0}, caller=androidx.compose.ui.platform.Api35Impl.setRequestedFrameRate:3817 androidx.compose.ui.platform.AndroidComposeView.dispatchDraw:2116 android.view.View.draw:26345 android.view.View.updateDisplayListIfDirty:25175 android.view.ViewGroup.recreateChildDisplayList:4794
2026-01-14 14:32:37.874 11200-11200 MapViewWrapper          me.ikate.findmy                      D  🔵 绘制当前设备圆点: lat/lng: (25.035580259953285,102.7158060056201)
2026-01-14 14:32:37.878 11200-11343 ProxyAndro...gerBackend me.ikate.findmy                      W  Too many Flogger logs received before configuration. Dropping old logs.
2026-01-14 14:32:37.878 11200-11343 ProxyAndro...gerBackend me.ikate.findmy                      W  Too many Flogger logs received before configuration. Dropping old logs.
2026-01-14 14:32:37.882 11200-11200 MapViewWrapper          me.ikate.findmy                      D  🔵 绘制当前设备圆点: lat/lng: (25.035580259953285,102.7158060056201)
2026-01-14 14:32:37.887 11200-11200 View                    me.ikate.findmy                      I  setRequestedFrameRate frameRate=NaN, this=androidx.compose.ui.platform.AndroidComposeView{3f45eaa VFED..... ........ 0,0-1440,3120 aid=1073741824}, caller=android.view.ViewGroup.setRequestedFrameRate:9952 androidx.compose.ui.platform.Api35Impl.setRequestedFrameRate:3817 androidx.compose.ui.platform.AndroidComposeView.dispatchDraw:2113 android.view.View.draw:26345 android.view.View.updateDisplayListIfDirty:25175
2026-01-14 14:32:37.887 11200-11200 View                    me.ikate.findmy                      I  setRequestedFrameRate frameRate=NaN, this=android.view.View{ec7fd1f V.ED..... ........ 0,0-0,0}, caller=androidx.compose.ui.platform.Api35Impl.setRequestedFrameRate:3817 androidx.compose.ui.platform.AndroidComposeView.dispatchDraw:2116 android.view.View.draw:26345 android.view.View.updateDisplayListIfDirty:25175 android.view.ViewGroup.recreateChildDisplayList:4794
2026-01-14 14:32:37.904 11200-11200 View                    me.ikate.findmy                      I  setRequestedFrameRate frameRate=NaN, this=androidx.compose.ui.platform.AndroidComposeView{3f45eaa VFED..... ........ 0,0-1440,3120 aid=1073741824}, caller=android.view.ViewGroup.setRequestedFrameRate:9952 androidx.compose.ui.platform.Api35Impl.setRequestedFrameRate:3817 androidx.compose.ui.platform.AndroidComposeView.dispatchDraw:2113 android.view.View.draw:26345 android.view.View.updateDisplayListIfDirty:25175
2026-01-14 14:32:37.904 11200-11200 View                    me.ikate.findmy                      I  setRequestedFrameRate frameRate=NaN, this=android.view.View{ec7fd1f V.ED..... ........ 0,0-0,0}, caller=androidx.compose.ui.platform.Api35Impl.setRequestedFrameRate:3817 androidx.compose.ui.platform.AndroidComposeView.dispatchDraw:2116 android.view.View.draw:26345 android.view.View.updateDisplayListIfDirty:25175 android.view.ViewGroup.recreateChildDisplayList:4794
2026-01-14 14:32:37.906 11200-11352 ProxyAndro...gerBackend me.ikate.findmy                      W  Too many Flogger logs received before configuration. Dropping old logs.
2026-01-14 14:32:37.906 11200-11352 ProxyAndro...gerBackend me.ikate.findmy                      W  Too many Flogger logs received before configuration. Dropping old logs.
2026-01-14 14:32:37.913 11200-11347 ProxyAndro...gerBackend me.ikate.findmy                      W  Too many Flogger logs received before configuration. Dropping old logs.
2026-01-14 14:32:37.913 11200-11347 ProxyAndro...gerBackend me.ikate.findmy                      W  Too many Flogger logs received before configuration. Dropping old logs.
2026-01-14 14:32:37.920 11200-11200 View                    me.ikate.findmy                      I  setRequestedFrameRate frameRate=NaN, this=androidx.compose.ui.platform.AndroidComposeView{3f45eaa VFED..... ........ 0,0-1440,3120 aid=1073741824}, caller=android.view.ViewGroup.setRequestedFrameRate:9952 androidx.compose.ui.platform.Api35Impl.setRequestedFrameRate:3817 androidx.compose.ui.platform.AndroidComposeView.dispatchDraw:2113 android.view.View.draw:26345 android.view.View.updateDisplayListIfDirty:25175
2026-01-14 14:32:37.920 11200-11200 View                    me.ikate.findmy                      I  setRequestedFrameRate frameRate=NaN, this=android.view.View{ec7fd1f V.ED..... ........ 0,0-0,0}, caller=androidx.compose.ui.platform.Api35Impl.setRequestedFrameRate:3817 androidx.compose.ui.platform.AndroidComposeView.dispatchDraw:2116 android.view.View.draw:26345 android.view.View.updateDisplayListIfDirty:25175 android.view.ViewGroup.recreateChildDisplayList:4794
2026-01-14 14:32:37.933 11200-11347 ProxyAndro...gerBackend me.ikate.findmy                      W  Too many Flogger logs received before configuration. Dropping old logs.
2026-01-14 14:32:37.933 11200-11347 ProxyAndro...gerBackend me.ikate.findmy                      W  Too many Flogger logs received before configuration. Dropping old logs.
2026-01-14 14:32:37.940 11200-11200 MapViewWrapper          me.ikate.findmy                      D  🔵 绘制当前设备圆点: lat/lng: (25.035580259953285,102.7158060056201)
2026-01-14 14:32:37.949 11200-11200 MapViewWrapper          me.ikate.findmy                      D  🔵 绘制当前设备圆点: lat/lng: (25.035580259953285,102.7158060056201)
2026-01-14 14:32:37.954 11200-11200 View                    me.ikate.findmy                      I  setRequestedFrameRate frameRate=NaN, this=androidx.compose.ui.platform.AndroidComposeView{3f45eaa VFED..... ........ 0,0-1440,3120 aid=1073741824}, caller=android.view.ViewGroup.setRequestedFrameRate:9952 androidx.compose.ui.platform.Api35Impl.setRequestedFrameRate:3817 androidx.compose.ui.platform.AndroidComposeView.dispatchDraw:2113 android.view.View.draw:26345 android.view.View.updateDisplayListIfDirty:25175
